[0.215s] DEBUG:colcon:Command line arguments: ['/usr/bin/colcon', 'build', '--packages-select', 'vehicle_4axle_8steer']
[0.215s] DEBUG:colcon:Parsed command line arguments: Namespace(log_base=None, log_level=None, verb_name='build', build_base='build', install_base='install', merge_install=False, symlink_install=False, test_result_base=None, continue_on_error=False, executor='parallel', parallel_workers=8, event_handlers=None, ignore_user_meta=False, metas=['./colcon.meta'], base_paths=['.'], packages_ignore=None, packages_ignore_regex=None, paths=None, packages_up_to=None, packages_up_to_regex=None, packages_above=None, packages_above_and_dependencies=None, packages_above_depth=None, packages_select_by_dep=None, packages_skip_by_dep=None, packages_skip_up_to=None, packages_select_build_failed=False, packages_skip_build_finished=False, packages_select_test_failures=False, packages_skip_test_passed=False, packages_select=['vehicle_4axle_8steer'], packages_skip=None, packages_select_regex=None, packages_skip_regex=None, packages_start=None, packages_end=None, allow_overriding=[], cmake_args=None, cmake_target=None, cmake_target_skip_unavailable=False, cmake_clean_cache=False, cmake_clean_first=False, cmake_force_configure=False, ament_cmake_args=None, catkin_cmake_args=None, catkin_skip_building_tests=False, verb_parser=<colcon_defaults.argument_parser.defaults.DefaultArgumentsDecorator object at 0x702edd67d9a0>, verb_extension=<colcon_core.verb.build.BuildVerb object at 0x702edd67d520>, main=<bound method BuildVerb.main of <colcon_core.verb.build.BuildVerb object at 0x702edd67d520>>)
[0.333s] Level 1:colcon.colcon_core.package_discovery:discover_packages(colcon_meta) check parameters
[0.334s] Level 1:colcon.colcon_core.package_discovery:discover_packages(recursive) check parameters
[0.334s] Level 1:colcon.colcon_core.package_discovery:discover_packages(ignore) check parameters
[0.334s] Level 1:colcon.colcon_core.package_discovery:discover_packages(path) check parameters
[0.334s] Level 1:colcon.colcon_core.package_discovery:discover_packages(colcon_meta) discover
[0.334s] Level 1:colcon.colcon_core.package_discovery:discover_packages(recursive) discover
[0.334s] INFO:colcon.colcon_core.package_discovery:Crawling recursively for packages in '/home/vboxuser/fishros_ros2/pratical_projects'
[0.334s] Level 1:colcon.colcon_core.package_identification:_identify(.) by extensions ['ignore', 'ignore_ament_install']
[0.334s] Level 1:colcon.colcon_core.package_identification:_identify(.) by extension 'ignore'
[0.334s] Level 1:colcon.colcon_core.package_identification:_identify(.) by extension 'ignore_ament_install'
[0.334s] Level 1:colcon.colcon_core.package_identification:_identify(.) by extensions ['colcon_pkg']
[0.334s] Level 1:colcon.colcon_core.package_identification:_identify(.) by extension 'colcon_pkg'
[0.334s] Level 1:colcon.colcon_core.package_identification:_identify(.) by extensions ['colcon_meta']
[0.334s] Level 1:colcon.colcon_core.package_identification:_identify(.) by extension 'colcon_meta'
[0.334s] Level 1:colcon.colcon_core.package_identification:_identify(.) by extensions ['ros']
[0.334s] Level 1:colcon.colcon_core.package_identification:_identify(.) by extension 'ros'
[0.373s] Level 1:colcon.colcon_core.package_identification:_identify(.) by extensions ['cmake', 'python']
[0.373s] Level 1:colcon.colcon_core.package_identification:_identify(.) by extension 'cmake'
[0.373s] Level 1:colcon.colcon_core.package_identification:_identify(.) by extension 'python'
[0.374s] Level 1:colcon.colcon_core.package_identification:_identify(.) by extensions ['python_setup_py']
[0.374s] Level 1:colcon.colcon_core.package_identification:_identify(.) by extension 'python_setup_py'
[0.374s] Level 1:colcon.colcon_core.package_identification:_identify(build) by extensions ['ignore', 'ignore_ament_install']
[0.374s] Level 1:colcon.colcon_core.package_identification:_identify(build) by extension 'ignore'
[0.374s] Level 1:colcon.colcon_core.package_identification:_identify(build) ignored
[0.374s] Level 1:colcon.colcon_core.package_identification:_identify(install) by extensions ['ignore', 'ignore_ament_install']
[0.374s] Level 1:colcon.colcon_core.package_identification:_identify(install) by extension 'ignore'
[0.374s] Level 1:colcon.colcon_core.package_identification:_identify(install) ignored
[0.374s] Level 1:colcon.colcon_core.package_identification:_identify(log) by extensions ['ignore', 'ignore_ament_install']
[0.374s] Level 1:colcon.colcon_core.package_identification:_identify(log) by extension 'ignore'
[0.374s] Level 1:colcon.colcon_core.package_identification:_identify(log) ignored
[0.374s] Level 1:colcon.colcon_core.package_identification:_identify(vehicle_4axle_8steer) by extensions ['ignore', 'ignore_ament_install']
[0.375s] Level 1:colcon.colcon_core.package_identification:_identify(vehicle_4axle_8steer) by extension 'ignore'
[0.375s] Level 1:colcon.colcon_core.package_identification:_identify(vehicle_4axle_8steer) by extension 'ignore_ament_install'
[0.375s] Level 1:colcon.colcon_core.package_identification:_identify(vehicle_4axle_8steer) by extensions ['colcon_pkg']
[0.375s] Level 1:colcon.colcon_core.package_identification:_identify(vehicle_4axle_8steer) by extension 'colcon_pkg'
[0.375s] Level 1:colcon.colcon_core.package_identification:_identify(vehicle_4axle_8steer) by extensions ['colcon_meta']
[0.375s] Level 1:colcon.colcon_core.package_identification:_identify(vehicle_4axle_8steer) by extension 'colcon_meta'
[0.375s] Level 1:colcon.colcon_core.package_identification:_identify(vehicle_4axle_8steer) by extensions ['ros']
[0.375s] Level 1:colcon.colcon_core.package_identification:_identify(vehicle_4axle_8steer) by extension 'ros'
[0.380s] DEBUG:colcon.colcon_core.package_identification:Package 'vehicle_4axle_8steer' with type 'ros.ament_cmake' and name 'vehicle_4axle_8steer'
[0.381s] Level 1:colcon.colcon_core.package_discovery:discover_packages(recursive) using defaults
[0.381s] Level 1:colcon.colcon_core.package_discovery:discover_packages(ignore) discover
[0.381s] Level 1:colcon.colcon_core.package_discovery:discover_packages(ignore) using defaults
[0.381s] Level 1:colcon.colcon_core.package_discovery:discover_packages(path) discover
[0.381s] Level 1:colcon.colcon_core.package_discovery:discover_packages(path) using defaults
[0.431s] Level 1:colcon.colcon_core.package_discovery:discover_packages(prefix_path) check parameters
[0.431s] Level 1:colcon.colcon_core.package_discovery:discover_packages(prefix_path) discover
[0.437s] DEBUG:colcon.colcon_installed_package_information.package_discovery:Found 289 installed packages in /opt/ros/jazzy
[0.437s] Level 1:colcon.colcon_core.package_discovery:discover_packages(prefix_path) using defaults
[0.464s] Level 5:colcon.colcon_core.verb:set package 'vehicle_4axle_8steer' build argument 'cmake_args' from command line to 'None'
[0.465s] Level 5:colcon.colcon_core.verb:set package 'vehicle_4axle_8steer' build argument 'cmake_target' from command line to 'None'
[0.465s] Level 5:colcon.colcon_core.verb:set package 'vehicle_4axle_8steer' build argument 'cmake_target_skip_unavailable' from command line to 'False'
[0.465s] Level 5:colcon.colcon_core.verb:set package 'vehicle_4axle_8steer' build argument 'cmake_clean_cache' from command line to 'False'
[0.465s] Level 5:colcon.colcon_core.verb:set package 'vehicle_4axle_8steer' build argument 'cmake_clean_first' from command line to 'False'
[0.465s] Level 5:colcon.colcon_core.verb:set package 'vehicle_4axle_8steer' build argument 'cmake_force_configure' from command line to 'False'
[0.465s] Level 5:colcon.colcon_core.verb:set package 'vehicle_4axle_8steer' build argument 'ament_cmake_args' from command line to 'None'
[0.465s] Level 5:colcon.colcon_core.verb:set package 'vehicle_4axle_8steer' build argument 'catkin_cmake_args' from command line to 'None'
[0.465s] Level 5:colcon.colcon_core.verb:set package 'vehicle_4axle_8steer' build argument 'catkin_skip_building_tests' from command line to 'False'
[0.465s] DEBUG:colcon.colcon_core.verb:Building package 'vehicle_4axle_8steer' with the following arguments: {'ament_cmake_args': None, 'build_base': '/home/vboxuser/fishros_ros2/pratical_projects/build/vehicle_4axle_8steer', 'catkin_cmake_args': None, 'catkin_skip_building_tests': False, 'cmake_args': None, 'cmake_clean_cache': False, 'cmake_clean_first': False, 'cmake_force_configure': False, 'cmake_target': None, 'cmake_target_skip_unavailable': False, 'install_base': '/home/vboxuser/fishros_ros2/pratical_projects/install/vehicle_4axle_8steer', 'merge_install': False, 'path': '/home/vboxuser/fishros_ros2/pratical_projects/vehicle_4axle_8steer', 'symlink_install': False, 'test_result_base': None}
[0.465s] INFO:colcon.colcon_core.executor:Executing jobs using 'parallel' executor
[0.466s] DEBUG:colcon.colcon_parallel_executor.executor.parallel:run_until_complete
[0.467s] INFO:colcon.colcon_ros.task.ament_cmake.build:Building ROS package in '/home/vboxuser/fishros_ros2/pratical_projects/vehicle_4axle_8steer' with build type 'ament_cmake'
[0.467s] INFO:colcon.colcon_cmake.task.cmake.build:Building CMake package in '/home/vboxuser/fishros_ros2/pratical_projects/vehicle_4axle_8steer'
[0.476s] INFO:colcon.colcon_core.plugin_system:Skipping extension 'colcon_core.shell.bat': Not used on non-Windows systems
[0.476s] INFO:colcon.colcon_core.shell:Skip shell extension 'powershell' for command environment: Not usable outside of PowerShell
[0.476s] DEBUG:colcon.colcon_core.shell:Skip shell extension 'dsv' for command environment
[0.488s] DEBUG:colcon.colcon_core.event_handler.log_command:Invoking command in '/home/vboxuser/fishros_ros2/pratical_projects/build/vehicle_4axle_8steer': CMAKE_PREFIX_PATH=${CMAKE_PREFIX_PATH}:/opt/ros/jazzy DEBUGINFOD_URLS=https://debuginfod.ubuntu.com /usr/bin/cmake /home/vboxuser/fishros_ros2/pratical_projects/vehicle_4axle_8steer -DCMAKE_INSTALL_PREFIX=/home/vboxuser/fishros_ros2/pratical_projects/install/vehicle_4axle_8steer
[1.780s] DEBUG:colcon.colcon_core.event_handler.log_command:Invoked command in '/home/vboxuser/fishros_ros2/pratical_projects/build/vehicle_4axle_8steer' returned '0': CMAKE_PREFIX_PATH=${CMAKE_PREFIX_PATH}:/opt/ros/jazzy DEBUGINFOD_URLS=https://debuginfod.ubuntu.com /usr/bin/cmake /home/vboxuser/fishros_ros2/pratical_projects/vehicle_4axle_8steer -DCMAKE_INSTALL_PREFIX=/home/vboxuser/fishros_ros2/pratical_projects/install/vehicle_4axle_8steer
[1.781s] DEBUG:colcon.colcon_core.event_handler.log_command:Invoking command in '/home/vboxuser/fishros_ros2/pratical_projects/build/vehicle_4axle_8steer': CMAKE_PREFIX_PATH=${CMAKE_PREFIX_PATH}:/opt/ros/jazzy DEBUGINFOD_URLS=https://debuginfod.ubuntu.com /usr/bin/cmake --build /home/vboxuser/fishros_ros2/pratical_projects/build/vehicle_4axle_8steer -- -j8 -l8
[1.830s] DEBUG:colcon.colcon_core.event_handler.log_command:Invoked command in '/home/vboxuser/fishros_ros2/pratical_projects/build/vehicle_4axle_8steer' returned '0': CMAKE_PREFIX_PATH=${CMAKE_PREFIX_PATH}:/opt/ros/jazzy DEBUGINFOD_URLS=https://debuginfod.ubuntu.com /usr/bin/cmake --build /home/vboxuser/fishros_ros2/pratical_projects/build/vehicle_4axle_8steer -- -j8 -l8
[1.843s] DEBUG:colcon.colcon_core.event_handler.log_command:Invoking command in '/home/vboxuser/fishros_ros2/pratical_projects/build/vehicle_4axle_8steer': CMAKE_PREFIX_PATH=${CMAKE_PREFIX_PATH}:/opt/ros/jazzy DEBUGINFOD_URLS=https://debuginfod.ubuntu.com /usr/bin/cmake --install /home/vboxuser/fishros_ros2/pratical_projects/build/vehicle_4axle_8steer
[1.859s] Level 1:colcon.colcon_core.environment:create_environment_scripts_only(vehicle_4axle_8steer)
[1.860s] DEBUG:colcon.colcon_core.event_handler.log_command:Invoked command in '/home/vboxuser/fishros_ros2/pratical_projects/build/vehicle_4axle_8steer' returned '0': CMAKE_PREFIX_PATH=${CMAKE_PREFIX_PATH}:/opt/ros/jazzy DEBUGINFOD_URLS=https://debuginfod.ubuntu.com /usr/bin/cmake --install /home/vboxuser/fishros_ros2/pratical_projects/build/vehicle_4axle_8steer
[1.869s] Level 1:colcon.colcon_core.environment:checking '/home/vboxuser/fishros_ros2/pratical_projects/install/vehicle_4axle_8steer' for CMake module files
[1.869s] Level 1:colcon.colcon_core.environment:checking '/home/vboxuser/fishros_ros2/pratical_projects/install/vehicle_4axle_8steer' for CMake config files
[1.869s] Level 1:colcon.colcon_core.shell:create_environment_hook('vehicle_4axle_8steer', 'cmake_prefix_path')
[1.869s] INFO:colcon.colcon_core.shell:Creating environment hook '/home/vboxuser/fishros_ros2/pratical_projects/install/vehicle_4axle_8steer/share/vehicle_4axle_8steer/hook/cmake_prefix_path.ps1'
[1.871s] INFO:colcon.colcon_core.shell:Creating environment descriptor '/home/vboxuser/fishros_ros2/pratical_projects/install/vehicle_4axle_8steer/share/vehicle_4axle_8steer/hook/cmake_prefix_path.dsv'
[1.872s] INFO:colcon.colcon_core.shell:Creating environment hook '/home/vboxuser/fishros_ros2/pratical_projects/install/vehicle_4axle_8steer/share/vehicle_4axle_8steer/hook/cmake_prefix_path.sh'
[1.873s] Level 1:colcon.colcon_core.environment:checking '/home/vboxuser/fishros_ros2/pratical_projects/install/vehicle_4axle_8steer/lib'
[1.873s] Level 1:colcon.colcon_core.environment:checking '/home/vboxuser/fishros_ros2/pratical_projects/install/vehicle_4axle_8steer/bin'
[1.874s] Level 1:colcon.colcon_core.environment:checking '/home/vboxuser/fishros_ros2/pratical_projects/install/vehicle_4axle_8steer/lib/pkgconfig/vehicle_4axle_8steer.pc'
[1.874s] Level 1:colcon.colcon_core.environment:checking '/home/vboxuser/fishros_ros2/pratical_projects/install/vehicle_4axle_8steer/lib/python3.12/site-packages'
[1.875s] Level 1:colcon.colcon_core.environment:checking '/home/vboxuser/fishros_ros2/pratical_projects/install/vehicle_4axle_8steer/bin'
[1.875s] INFO:colcon.colcon_core.shell:Creating package script '/home/vboxuser/fishros_ros2/pratical_projects/install/vehicle_4axle_8steer/share/vehicle_4axle_8steer/package.ps1'
[1.877s] INFO:colcon.colcon_core.shell:Creating package descriptor '/home/vboxuser/fishros_ros2/pratical_projects/install/vehicle_4axle_8steer/share/vehicle_4axle_8steer/package.dsv'
[1.877s] INFO:colcon.colcon_core.shell:Creating package script '/home/vboxuser/fishros_ros2/pratical_projects/install/vehicle_4axle_8steer/share/vehicle_4axle_8steer/package.sh'
[1.878s] INFO:colcon.colcon_core.shell:Creating package script '/home/vboxuser/fishros_ros2/pratical_projects/install/vehicle_4axle_8steer/share/vehicle_4axle_8steer/package.bash'
[1.879s] INFO:colcon.colcon_core.shell:Creating package script '/home/vboxuser/fishros_ros2/pratical_projects/install/vehicle_4axle_8steer/share/vehicle_4axle_8steer/package.zsh'
[1.880s] Level 1:colcon.colcon_core.environment:create_file_with_runtime_dependencies(/home/vboxuser/fishros_ros2/pratical_projects/install/vehicle_4axle_8steer/share/colcon-core/packages/vehicle_4axle_8steer)
[1.881s] Level 1:colcon.colcon_core.environment:create_environment_scripts_only(vehicle_4axle_8steer)
[1.881s] Level 1:colcon.colcon_core.environment:checking '/home/vboxuser/fishros_ros2/pratical_projects/install/vehicle_4axle_8steer' for CMake module files
[1.881s] Level 1:colcon.colcon_core.environment:checking '/home/vboxuser/fishros_ros2/pratical_projects/install/vehicle_4axle_8steer' for CMake config files
[1.881s] Level 1:colcon.colcon_core.shell:create_environment_hook('vehicle_4axle_8steer', 'cmake_prefix_path')
[1.881s] INFO:colcon.colcon_core.shell:Creating environment hook '/home/vboxuser/fishros_ros2/pratical_projects/install/vehicle_4axle_8steer/share/vehicle_4axle_8steer/hook/cmake_prefix_path.ps1'
[1.882s] INFO:colcon.colcon_core.shell:Creating environment descriptor '/home/vboxuser/fishros_ros2/pratical_projects/install/vehicle_4axle_8steer/share/vehicle_4axle_8steer/hook/cmake_prefix_path.dsv'
[1.882s] INFO:colcon.colcon_core.shell:Creating environment hook '/home/vboxuser/fishros_ros2/pratical_projects/install/vehicle_4axle_8steer/share/vehicle_4axle_8steer/hook/cmake_prefix_path.sh'
[1.883s] Level 1:colcon.colcon_core.environment:checking '/home/vboxuser/fishros_ros2/pratical_projects/install/vehicle_4axle_8steer/lib'
[1.883s] Level 1:colcon.colcon_core.environment:checking '/home/vboxuser/fishros_ros2/pratical_projects/install/vehicle_4axle_8steer/bin'
[1.883s] Level 1:colcon.colcon_core.environment:checking '/home/vboxuser/fishros_ros2/pratical_projects/install/vehicle_4axle_8steer/lib/pkgconfig/vehicle_4axle_8steer.pc'
[1.883s] Level 1:colcon.colcon_core.environment:checking '/home/vboxuser/fishros_ros2/pratical_projects/install/vehicle_4axle_8steer/lib/python3.12/site-packages'
[1.883s] Level 1:colcon.colcon_core.environment:checking '/home/vboxuser/fishros_ros2/pratical_projects/install/vehicle_4axle_8steer/bin'
[1.883s] INFO:colcon.colcon_core.shell:Creating package script '/home/vboxuser/fishros_ros2/pratical_projects/install/vehicle_4axle_8steer/share/vehicle_4axle_8steer/package.ps1'
[1.884s] INFO:colcon.colcon_core.shell:Creating package descriptor '/home/vboxuser/fishros_ros2/pratical_projects/install/vehicle_4axle_8steer/share/vehicle_4axle_8steer/package.dsv'
[1.884s] INFO:colcon.colcon_core.shell:Creating package script '/home/vboxuser/fishros_ros2/pratical_projects/install/vehicle_4axle_8steer/share/vehicle_4axle_8steer/package.sh'
[1.884s] INFO:colcon.colcon_core.shell:Creating package script '/home/vboxuser/fishros_ros2/pratical_projects/install/vehicle_4axle_8steer/share/vehicle_4axle_8steer/package.bash'
[1.885s] INFO:colcon.colcon_core.shell:Creating package script '/home/vboxuser/fishros_ros2/pratical_projects/install/vehicle_4axle_8steer/share/vehicle_4axle_8steer/package.zsh'
[1.885s] Level 1:colcon.colcon_core.environment:create_file_with_runtime_dependencies(/home/vboxuser/fishros_ros2/pratical_projects/install/vehicle_4axle_8steer/share/colcon-core/packages/vehicle_4axle_8steer)
[1.885s] DEBUG:colcon.colcon_parallel_executor.executor.parallel:closing loop
[1.887s] DEBUG:colcon.colcon_parallel_executor.executor.parallel:loop closed
[1.887s] DEBUG:colcon.colcon_parallel_executor.executor.parallel:run_until_complete finished with '0'
[1.887s] DEBUG:colcon.colcon_core.event_reactor:joining thread
[1.906s] INFO:colcon.colcon_core.plugin_system:Skipping extension 'colcon_notification.desktop_notification.terminal_notifier': Not used on non-Darwin systems
[1.906s] INFO:colcon.colcon_core.plugin_system:Skipping extension 'colcon_notification.desktop_notification.win32': Not used on non-Windows systems
[1.906s] INFO:colcon.colcon_notification.desktop_notification:Sending desktop notification using 'notify2'
[1.938s] DEBUG:colcon.colcon_core.event_reactor:joined thread
[1.939s] INFO:colcon.colcon_core.shell:Creating prefix script '/home/vboxuser/fishros_ros2/pratical_projects/install/local_setup.ps1'
[1.940s] INFO:colcon.colcon_core.shell:Creating prefix util module '/home/vboxuser/fishros_ros2/pratical_projects/install/_local_setup_util_ps1.py'
[1.942s] INFO:colcon.colcon_core.shell:Creating prefix chain script '/home/vboxuser/fishros_ros2/pratical_projects/install/setup.ps1'
[1.945s] INFO:colcon.colcon_core.shell:Creating prefix script '/home/vboxuser/fishros_ros2/pratical_projects/install/local_setup.sh'
[1.946s] INFO:colcon.colcon_core.shell:Creating prefix util module '/home/vboxuser/fishros_ros2/pratical_projects/install/_local_setup_util_sh.py'
[1.947s] INFO:colcon.colcon_core.shell:Creating prefix chain script '/home/vboxuser/fishros_ros2/pratical_projects/install/setup.sh'
[1.948s] INFO:colcon.colcon_core.shell:Creating prefix script '/home/vboxuser/fishros_ros2/pratical_projects/install/local_setup.bash'
[1.949s] INFO:colcon.colcon_core.shell:Creating prefix chain script '/home/vboxuser/fishros_ros2/pratical_projects/install/setup.bash'
[1.950s] INFO:colcon.colcon_core.shell:Creating prefix script '/home/vboxuser/fishros_ros2/pratical_projects/install/local_setup.zsh'
[1.951s] INFO:colcon.colcon_core.shell:Creating prefix chain script '/home/vboxuser/fishros_ros2/pratical_projects/install/setup.zsh'
