-- Install configuration: ""
-- Up-to-date: /home/vboxuser/fishros_ros2/pratical_projects/install/vehicle_4axle_8steer/share/vehicle_4axle_8steer/urdf
-- Up-to-date: /home/vboxuser/fishros_ros2/pratical_projects/install/vehicle_4axle_8steer/share/vehicle_4axle_8steer/urdf/vehicle_4axle_8steer.urdf
-- Up-to-date: /home/vboxuser/fishros_ros2/pratical_projects/install/vehicle_4axle_8steer/share/vehicle_4axle_8steer/launch
-- Up-to-date: /home/vboxuser/fishros_ros2/pratical_projects/install/vehicle_4axle_8steer/share/vehicle_4axle_8steer/launch/display.launch.py
-- Up-to-date: /home/vboxuser/fishros_ros2/pratical_projects/install/vehicle_4axle_8steer/share/vehicle_4axle_8steer/launch/__pycache__
-- Up-to-date: /home/vboxuser/fishros_ros2/pratical_projects/install/vehicle_4axle_8steer/share/vehicle_4axle_8steer/launch/__pycache__/gb29_drive.launch.cpython-312.pyc
-- Up-to-date: /home/vboxuser/fishros_ros2/pratical_projects/install/vehicle_4axle_8steer/share/vehicle_4axle_8steer/launch/__pycache__/display.launch.cpython-312.pyc
-- Up-to-date: /home/vboxuser/fishros_ros2/pratical_projects/install/vehicle_4axle_8steer/share/vehicle_4axle_8steer/launch/gb29_drive.launch.py
-- Up-to-date: /home/vboxuser/fishros_ros2/pratical_projects/install/vehicle_4axle_8steer/share/vehicle_4axle_8steer/rviz
-- Up-to-date: /home/vboxuser/fishros_ros2/pratical_projects/install/vehicle_4axle_8steer/share/vehicle_4axle_8steer/rviz/display.rviz
-- Up-to-date: /home/vboxuser/fishros_ros2/pratical_projects/install/vehicle_4axle_8steer/lib/vehicle_4axle_8steer/vehicle_4axle
-- Up-to-date: /home/vboxuser/fishros_ros2/pratical_projects/install/vehicle_4axle_8steer/lib/vehicle_4axle_8steer/vehicle_4axle/steer_calc.py
-- Up-to-date: /home/vboxuser/fishros_ros2/pratical_projects/install/vehicle_4axle_8steer/lib/vehicle_4axle_8steer/vehicle_4axle/__pycache__
-- Up-to-date: /home/vboxuser/fishros_ros2/pratical_projects/install/vehicle_4axle_8steer/lib/vehicle_4axle_8steer/vehicle_4axle/__pycache__/steer_calc.cpython-312.pyc
-- Up-to-date: /home/vboxuser/fishros_ros2/pratical_projects/install/vehicle_4axle_8steer/lib/vehicle_4axle_8steer/vehicle_4axle/__pycache__/__init__.cpython-312.pyc
-- Up-to-date: /home/vboxuser/fishros_ros2/pratical_projects/install/vehicle_4axle_8steer/lib/vehicle_4axle_8steer/vehicle_4axle/__init__.py
-- Up-to-date: /home/vboxuser/fishros_ros2/pratical_projects/install/vehicle_4axle_8steer/lib/vehicle_4axle_8steer/steering_controller.py
-- Up-to-date: /home/vboxuser/fishros_ros2/pratical_projects/install/vehicle_4axle_8steer/lib/vehicle_4axle_8steer/odometry_publisher.py
-- Up-to-date: /home/vboxuser/fishros_ros2/pratical_projects/install/vehicle_4axle_8steer/lib/vehicle_4axle_8steer/vehicle_dynamics.py
-- Up-to-date: /home/vboxuser/fishros_ros2/pratical_projects/install/vehicle_4axle_8steer/lib/vehicle_4axle_8steer/remote_controller.py
-- Up-to-date: /home/vboxuser/fishros_ros2/pratical_projects/install/vehicle_4axle_8steer/lib/vehicle_4axle_8steer/gb29_controller.py
-- Up-to-date: /home/vboxuser/fishros_ros2/pratical_projects/install/vehicle_4axle_8steer/lib/vehicle_4axle_8steer/gb29_test.py
-- Up-to-date: /home/vboxuser/fishros_ros2/pratical_projects/install/vehicle_4axle_8steer/lib/vehicle_4axle_8steer/demo_steer.py
-- Up-to-date: /home/vboxuser/fishros_ros2/pratical_projects/install/vehicle_4axle_8steer/lib/vehicle_4axle_8steer/path_tracker.py
-- Up-to-date: /home/vboxuser/fishros_ros2/pratical_projects/install/vehicle_4axle_8steer/share/vehicle_4axle_8steer/environment/pythonpath.dsv
-- Up-to-date: /home/vboxuser/fishros_ros2/pratical_projects/install/vehicle_4axle_8steer/share/ament_index/resource_index/package_run_dependencies/vehicle_4axle_8steer
-- Up-to-date: /home/vboxuser/fishros_ros2/pratical_projects/install/vehicle_4axle_8steer/share/ament_index/resource_index/parent_prefix_path/vehicle_4axle_8steer
-- Up-to-date: /home/vboxuser/fishros_ros2/pratical_projects/install/vehicle_4axle_8steer/share/vehicle_4axle_8steer/environment/ament_prefix_path.sh
-- Up-to-date: /home/vboxuser/fishros_ros2/pratical_projects/install/vehicle_4axle_8steer/share/vehicle_4axle_8steer/environment/ament_prefix_path.dsv
-- Up-to-date: /home/vboxuser/fishros_ros2/pratical_projects/install/vehicle_4axle_8steer/share/vehicle_4axle_8steer/environment/path.sh
-- Up-to-date: /home/vboxuser/fishros_ros2/pratical_projects/install/vehicle_4axle_8steer/share/vehicle_4axle_8steer/environment/path.dsv
-- Up-to-date: /home/vboxuser/fishros_ros2/pratical_projects/install/vehicle_4axle_8steer/share/vehicle_4axle_8steer/local_setup.bash
-- Up-to-date: /home/vboxuser/fishros_ros2/pratical_projects/install/vehicle_4axle_8steer/share/vehicle_4axle_8steer/local_setup.sh
-- Up-to-date: /home/vboxuser/fishros_ros2/pratical_projects/install/vehicle_4axle_8steer/share/vehicle_4axle_8steer/local_setup.zsh
-- Up-to-date: /home/vboxuser/fishros_ros2/pratical_projects/install/vehicle_4axle_8steer/share/vehicle_4axle_8steer/local_setup.dsv
-- Up-to-date: /home/vboxuser/fishros_ros2/pratical_projects/install/vehicle_4axle_8steer/share/vehicle_4axle_8steer/package.dsv
-- Up-to-date: /home/vboxuser/fishros_ros2/pratical_projects/install/vehicle_4axle_8steer/share/ament_index/resource_index/packages/vehicle_4axle_8steer
-- Up-to-date: /home/vboxuser/fishros_ros2/pratical_projects/install/vehicle_4axle_8steer/share/vehicle_4axle_8steer/cmake/vehicle_4axle_8steerConfig.cmake
-- Up-to-date: /home/vboxuser/fishros_ros2/pratical_projects/install/vehicle_4axle_8steer/share/vehicle_4axle_8steer/cmake/vehicle_4axle_8steerConfig-version.cmake
-- Up-to-date: /home/vboxuser/fishros_ros2/pratical_projects/install/vehicle_4axle_8steer/share/vehicle_4axle_8steer/package.xml
