[0.022s] Invoking command in '/home/vboxuser/fishros_ros2/pratical_projects/build/vehicle_4axle_8steer': CMAKE_PREFIX_PATH=${CMAKE_PREFIX_PATH}:/opt/ros/jazzy DEBUGINFOD_URLS=https://debuginfod.ubuntu.com /usr/bin/cmake /home/vboxuser/fishros_ros2/pratical_projects/vehicle_4axle_8steer -DCMAKE_INSTALL_PREFIX=/home/vboxuser/fishros_ros2/pratical_projects/install/vehicle_4axle_8steer
[0.178s] -- The C compiler identification is GNU 13.3.0
[0.302s] -- The CXX compiler identification is GNU 13.3.0
[0.347s] -- Detecting C compiler ABI info
[0.513s] -- Detecting C compiler ABI info - done
[0.518s] -- Check for working C compiler: /usr/bin/cc - skipped
[0.519s] -- Detecting C compile features
[0.520s] -- Detecting C compile features - done
[0.538s] -- Detecting CXX compiler ABI info
[0.669s] -- Detecting CXX compiler ABI info - done
[0.676s] -- Check for working CXX compiler: /usr/bin/c++ - skipped
[0.676s] -- Detecting CXX compile features
[0.676s] -- Detecting CXX compile features - done
[0.704s] -- Found ament_cmake: 2.5.6 (/opt/ros/jazzy/share/ament_cmake/cmake)
[0.834s] -- Found Python3: /usr/bin/python3 (found version "3.12.3") found components: Interpreter 
[1.264s] -- Added test 'cppcheck' to perform static code analysis on C / C++ code
[1.264s] -- Configured cppcheck include dirs: 
[1.264s] -- Configured cppcheck exclude dirs and/or files: 
[1.268s] -- Added test 'flake8' to check Python code syntax and style conventions
[1.268s] -- Configured 'flake8' exclude dirs and/or files: 
[1.273s] -- Added test 'lint_cmake' to check CMake code style
[1.276s] -- Added test 'pep257' to check Python code against some of the docstring style conventions in PEP 257
[1.291s] -- Added test 'uncrustify' to check C / C++ code style
[1.291s] -- Configured uncrustify additional arguments: 
[1.299s] -- Added test 'xmllint' to check XML markup files
[1.302s] -- Configuring done (1.3s)
[1.305s] -- Generating done (0.0s)
[1.306s] -- Build files have been written to: /home/vboxuser/fishros_ros2/pratical_projects/build/vehicle_4axle_8steer
[1.313s] Invoked command in '/home/vboxuser/fishros_ros2/pratical_projects/build/vehicle_4axle_8steer' returned '0': CMAKE_PREFIX_PATH=${CMAKE_PREFIX_PATH}:/opt/ros/jazzy DEBUGINFOD_URLS=https://debuginfod.ubuntu.com /usr/bin/cmake /home/vboxuser/fishros_ros2/pratical_projects/vehicle_4axle_8steer -DCMAKE_INSTALL_PREFIX=/home/vboxuser/fishros_ros2/pratical_projects/install/vehicle_4axle_8steer
[1.314s] Invoking command in '/home/vboxuser/fishros_ros2/pratical_projects/build/vehicle_4axle_8steer': CMAKE_PREFIX_PATH=${CMAKE_PREFIX_PATH}:/opt/ros/jazzy DEBUGINFOD_URLS=https://debuginfod.ubuntu.com /usr/bin/cmake --build /home/vboxuser/fishros_ros2/pratical_projects/build/vehicle_4axle_8steer -- -j8 -l8
[1.363s] Invoked command in '/home/vboxuser/fishros_ros2/pratical_projects/build/vehicle_4axle_8steer' returned '0': CMAKE_PREFIX_PATH=${CMAKE_PREFIX_PATH}:/opt/ros/jazzy DEBUGINFOD_URLS=https://debuginfod.ubuntu.com /usr/bin/cmake --build /home/vboxuser/fishros_ros2/pratical_projects/build/vehicle_4axle_8steer -- -j8 -l8
[1.376s] Invoking command in '/home/vboxuser/fishros_ros2/pratical_projects/build/vehicle_4axle_8steer': CMAKE_PREFIX_PATH=${CMAKE_PREFIX_PATH}:/opt/ros/jazzy DEBUGINFOD_URLS=https://debuginfod.ubuntu.com /usr/bin/cmake --install /home/vboxuser/fishros_ros2/pratical_projects/build/vehicle_4axle_8steer
[1.385s] -- Install configuration: ""
[1.385s] -- Installing: /home/vboxuser/fishros_ros2/pratical_projects/install/vehicle_4axle_8steer/share/vehicle_4axle_8steer/urdf
[1.386s] -- Installing: /home/vboxuser/fishros_ros2/pratical_projects/install/vehicle_4axle_8steer/share/vehicle_4axle_8steer/urdf/vehicle_4axle_8steer.urdf
[1.386s] -- Installing: /home/vboxuser/fishros_ros2/pratical_projects/install/vehicle_4axle_8steer/share/vehicle_4axle_8steer/launch
[1.386s] -- Installing: /home/vboxuser/fishros_ros2/pratical_projects/install/vehicle_4axle_8steer/share/vehicle_4axle_8steer/launch/display.launch.py
[1.386s] -- Installing: /home/vboxuser/fishros_ros2/pratical_projects/install/vehicle_4axle_8steer/share/vehicle_4axle_8steer/launch/__pycache__
[1.386s] -- Installing: /home/vboxuser/fishros_ros2/pratical_projects/install/vehicle_4axle_8steer/share/vehicle_4axle_8steer/launch/__pycache__/gb29_drive.launch.cpython-312.pyc
[1.386s] -- Installing: /home/vboxuser/fishros_ros2/pratical_projects/install/vehicle_4axle_8steer/share/vehicle_4axle_8steer/launch/__pycache__/display.launch.cpython-312.pyc
[1.386s] -- Installing: /home/vboxuser/fishros_ros2/pratical_projects/install/vehicle_4axle_8steer/share/vehicle_4axle_8steer/launch/gb29_drive.launch.py
[1.386s] -- Installing: /home/vboxuser/fishros_ros2/pratical_projects/install/vehicle_4axle_8steer/share/vehicle_4axle_8steer/rviz
[1.386s] -- Installing: /home/vboxuser/fishros_ros2/pratical_projects/install/vehicle_4axle_8steer/share/vehicle_4axle_8steer/rviz/display.rviz
[1.388s] -- Installing: /home/vboxuser/fishros_ros2/pratical_projects/install/vehicle_4axle_8steer/lib/vehicle_4axle_8steer/vehicle_4axle
[1.389s] -- Installing: /home/vboxuser/fishros_ros2/pratical_projects/install/vehicle_4axle_8steer/lib/vehicle_4axle_8steer/vehicle_4axle/steer_calc.py
[1.389s] -- Installing: /home/vboxuser/fishros_ros2/pratical_projects/install/vehicle_4axle_8steer/lib/vehicle_4axle_8steer/vehicle_4axle/__pycache__
[1.389s] -- Installing: /home/vboxuser/fishros_ros2/pratical_projects/install/vehicle_4axle_8steer/lib/vehicle_4axle_8steer/vehicle_4axle/__pycache__/steer_calc.cpython-312.pyc
[1.389s] -- Installing: /home/vboxuser/fishros_ros2/pratical_projects/install/vehicle_4axle_8steer/lib/vehicle_4axle_8steer/vehicle_4axle/__pycache__/__init__.cpython-312.pyc
[1.389s] -- Installing: /home/vboxuser/fishros_ros2/pratical_projects/install/vehicle_4axle_8steer/lib/vehicle_4axle_8steer/vehicle_4axle/__init__.py
[1.389s] -- Installing: /home/vboxuser/fishros_ros2/pratical_projects/install/vehicle_4axle_8steer/lib/vehicle_4axle_8steer/steering_controller.py
[1.389s] -- Installing: /home/vboxuser/fishros_ros2/pratical_projects/install/vehicle_4axle_8steer/lib/vehicle_4axle_8steer/odometry_publisher.py
[1.389s] -- Installing: /home/vboxuser/fishros_ros2/pratical_projects/install/vehicle_4axle_8steer/lib/vehicle_4axle_8steer/vehicle_dynamics.py
[1.389s] -- Installing: /home/vboxuser/fishros_ros2/pratical_projects/install/vehicle_4axle_8steer/lib/vehicle_4axle_8steer/remote_controller.py
[1.389s] -- Installing: /home/vboxuser/fishros_ros2/pratical_projects/install/vehicle_4axle_8steer/lib/vehicle_4axle_8steer/gb29_controller.py
[1.389s] -- Installing: /home/vboxuser/fishros_ros2/pratical_projects/install/vehicle_4axle_8steer/lib/vehicle_4axle_8steer/gb29_test.py
[1.390s] -- Installing: /home/vboxuser/fishros_ros2/pratical_projects/install/vehicle_4axle_8steer/lib/vehicle_4axle_8steer/demo_steer.py
[1.390s] -- Installing: /home/vboxuser/fishros_ros2/pratical_projects/install/vehicle_4axle_8steer/lib/vehicle_4axle_8steer/path_tracker.py
[1.390s] -- Installing: /home/vboxuser/fishros_ros2/pratical_projects/install/vehicle_4axle_8steer/share/vehicle_4axle_8steer/environment/pythonpath.dsv
[1.390s] -- Installing: /home/vboxuser/fishros_ros2/pratical_projects/install/vehicle_4axle_8steer/share/ament_index/resource_index/package_run_dependencies/vehicle_4axle_8steer
[1.390s] -- Installing: /home/vboxuser/fishros_ros2/pratical_projects/install/vehicle_4axle_8steer/share/ament_index/resource_index/parent_prefix_path/vehicle_4axle_8steer
[1.390s] -- Installing: /home/vboxuser/fishros_ros2/pratical_projects/install/vehicle_4axle_8steer/share/vehicle_4axle_8steer/environment/ament_prefix_path.sh
[1.390s] -- Installing: /home/vboxuser/fishros_ros2/pratical_projects/install/vehicle_4axle_8steer/share/vehicle_4axle_8steer/environment/ament_prefix_path.dsv
[1.390s] -- Installing: /home/vboxuser/fishros_ros2/pratical_projects/install/vehicle_4axle_8steer/share/vehicle_4axle_8steer/environment/path.sh
[1.390s] -- Installing: /home/vboxuser/fishros_ros2/pratical_projects/install/vehicle_4axle_8steer/share/vehicle_4axle_8steer/environment/path.dsv
[1.391s] -- Installing: /home/vboxuser/fishros_ros2/pratical_projects/install/vehicle_4axle_8steer/share/vehicle_4axle_8steer/local_setup.bash
[1.391s] -- Installing: /home/vboxuser/fishros_ros2/pratical_projects/install/vehicle_4axle_8steer/share/vehicle_4axle_8steer/local_setup.sh
[1.391s] -- Installing: /home/vboxuser/fishros_ros2/pratical_projects/install/vehicle_4axle_8steer/share/vehicle_4axle_8steer/local_setup.zsh
[1.391s] -- Installing: /home/vboxuser/fishros_ros2/pratical_projects/install/vehicle_4axle_8steer/share/vehicle_4axle_8steer/local_setup.dsv
[1.391s] -- Installing: /home/vboxuser/fishros_ros2/pratical_projects/install/vehicle_4axle_8steer/share/vehicle_4axle_8steer/package.dsv
[1.391s] -- Installing: /home/vboxuser/fishros_ros2/pratical_projects/install/vehicle_4axle_8steer/share/ament_index/resource_index/packages/vehicle_4axle_8steer
[1.391s] -- Installing: /home/vboxuser/fishros_ros2/pratical_projects/install/vehicle_4axle_8steer/share/vehicle_4axle_8steer/cmake/vehicle_4axle_8steerConfig.cmake
[1.391s] -- Installing: /home/vboxuser/fishros_ros2/pratical_projects/install/vehicle_4axle_8steer/share/vehicle_4axle_8steer/cmake/vehicle_4axle_8steerConfig-version.cmake
[1.391s] -- Installing: /home/vboxuser/fishros_ros2/pratical_projects/install/vehicle_4axle_8steer/share/vehicle_4axle_8steer/package.xml
[1.393s] Invoked command in '/home/vboxuser/fishros_ros2/pratical_projects/build/vehicle_4axle_8steer' returned '0': CMAKE_PREFIX_PATH=${CMAKE_PREFIX_PATH}:/opt/ros/jazzy DEBUGINFOD_URLS=https://debuginfod.ubuntu.com /usr/bin/cmake --install /home/vboxuser/fishros_ros2/pratical_projects/build/vehicle_4axle_8steer
